interactions:
- request:
    body: null
    headers:
      Accept:
      - application/json
      Accept-Encoding:
      - gzip, deflate
      CommandName:
      - aks create
      Connection:
      - keep-alive
      ParameterSetName:
      - --resource-group --name --kube-proxy-config --aks-custom-headers --ssh-key-value
        --enable-managed-identity --yes -o
      User-Agent:
      - AZURECLI/2.40.0 (DOCKER) azsdk-python-azure-mgmt-resource/21.1.0b1 Python/3.10.6
        (Linux-5.10.102.1-microsoft-standard-WSL2-x86_64-with)
    method: GET
    uri: https://management.azure.com/subscriptions/00000000-0000-0000-0000-000000000000/resourcegroups/clitest000001?api-version=2021-04-01
  response:
    body:
      string: '{"id":"/subscriptions/00000000-0000-0000-0000-000000000000/resourceGroups/clitest000001","name":"clitest000001","type":"Microsoft.Resources/resourceGroups","location":"westus2","tags":{"product":"azurecli","cause":"automation","date":"2022-10-07T01:50:09Z"},"properties":{"provisioningState":"Succeeded"}}'
    headers:
      cache-control:
      - no-cache
      content-length:
      - '305'
      content-type:
      - application/json; charset=utf-8
      date:
      - Fri, 07 Oct 2022 01:50:11 GMT
      expires:
      - '-1'
      pragma:
      - no-cache
      strict-transport-security:
      - max-age=31536000; includeSubDomains
      vary:
      - Accept-Encoding
      x-content-type-options:
      - nosniff
    status:
      code: 200
      message: OK
- request:
    body: '{"location": "westus2", "identity": {"type": "SystemAssigned"}, "properties":
      {"kubernetesVersion": "", "dnsPrefix": "cliakstest-clitestb6zzh4yqj-8ecadf",
      "agentPoolProfiles": [{"count": 3, "vmSize": "Standard_DS2_v2", "osDiskSizeGB":
      0, "workloadRuntime": "OCIContainer", "osType": "Linux", "enableAutoScaling":
      false, "type": "VirtualMachineScaleSets", "mode": "System", "orchestratorVersion":
      "", "upgradeSettings": {}, "enableNodePublicIP": false, "enableCustomCATrust":
      false, "scaleSetPriority": "Regular", "scaleSetEvictionPolicy": "Delete", "spotMaxPrice":
      -1.0, "nodeTaints": [], "enableEncryptionAtHost": false, "enableUltraSSD": false,
      "enableFIPS": false, "name": "nodepool1"}], "linuxProfile": {"adminUsername":
      "azureuser", "ssh": {"publicKeys": [{"keyData": "ssh-rsa AAAAB3NzaC1yc2EAAAADAQABAAACAQCbIg1guRHbI0lV11wWDt1r2cUdcNd27CJsg+SfgC7miZeubtwUhbsPdhMQsfDyhOWHq1+ZL0M+nJZV63d/1dhmhtgyOqejUwrPlzKhydsbrsdUor+JmNJDdW01v7BXHyuymT8G4s09jCasNOwiufbP/qp72ruu0bIA1nySsvlf9pCQAuFkAnVnf/rFhUlOkhtRpwcq8SUNY2zRHR/EKb/4NWY1JzR4sa3q2fWIJdrrX0DvLoa5g9bIEd4Df79ba7v+yiUBOS0zT2ll+z4g9izHK3EO5d8hL4jYxcjKs+wcslSYRWrascfscLgMlMGh0CdKeNTDjHpGPncaf3Z+FwwwjWeuiNBxv7bJo13/8B/098KlVDl4GZqsoBCEjPyJfV6hO0y/LkRGkk7oHWKgeWAfKtfLItRp00eZ4fcJNK9kCaSMmEugoZWcI7NGbZXzqFWqbpRI7NcDP9+WIQ+i9U5vqWsqd/zng4kbuAJ6UuKqIzB0upYrLShfQE3SAck8oaLhJqqq56VfDuASNpJKidV+zq27HfSBmbXnkR/5AK337dc3MXKJypoK/QPMLKUAP5XLPbs+NddJQV7EZXd29DLgp+fRIg3edpKdO7ZErWhv7d+3Kws+e1Y+ypmR2WIVSwVyBEUfgv2C8Ts9gnTF4pNcEY/S2aBicz5Ew2+jdyGNQQ==
      test@example.com\n"}]}}, "addonProfiles": {}, "enableRBAC": true, "enablePodSecurityPolicy":
      false, "networkProfile": {"networkPlugin": "kubenet", "podCidr": "10.244.0.0/16",
      "serviceCidr": "10.0.0.0/16", "dnsServiceIP": "10.0.0.10", "dockerBridgeCidr":
      "172.17.0.1/16", "outboundType": "loadBalancer", "loadBalancerSku": "standard"},
      "disableLocalAccounts": false, "storageProfile": {}}}'
    headers:
      AKSHTTPCustomFeatures:
      - Microsoft.ContainerService/KubeProxyConfigurationPreview
      Accept:
      - application/json
      Accept-Encoding:
      - gzip, deflate
      CommandName:
      - aks create
      Connection:
      - keep-alive
      Content-Length:
      - '1887'
      Content-Type:
      - application/json
      ParameterSetName:
      - --resource-group --name --kube-proxy-config --aks-custom-headers --ssh-key-value
        --enable-managed-identity --yes -o
      User-Agent:
      - AZURECLI/2.40.0 (DOCKER) azsdk-python-azure-mgmt-containerservice/20.3.0b2
        Python/3.10.6 (Linux-5.10.102.1-microsoft-standard-WSL2-x86_64-with)
    method: PUT
    uri: https://management.azure.com/subscriptions/00000000-0000-0000-0000-000000000000/resourceGroups/clitest000001/providers/Microsoft.ContainerService/managedClusters/cliakstest000002?api-version=2022-08-03-preview
  response:
    body:
      string: "{\n  \"id\": \"/subscriptions/00000000-0000-0000-0000-000000000000/resourcegroups/clitest000001/providers/Microsoft.ContainerService/managedClusters/cliakstest000002\"\
        ,\n  \"location\": \"westus2\",\n  \"name\": \"cliakstest000002\",\n  \"type\"\
        : \"Microsoft.ContainerService/ManagedClusters\",\n  \"properties\": {\n \
        \  \"provisioningState\": \"Creating\",\n   \"powerState\": {\n    \"code\"\
        : \"Running\"\n   },\n   \"kubernetesVersion\": \"1.23.12\",\n   \"currentKubernetesVersion\"\
        : \"1.23.12\",\n   \"dnsPrefix\": \"cliakstest-clitestb6zzh4yqj-8ecadf\",\n\
        \   \"fqdn\": \"cliakstest-clitestb6zzh4yqj-8ecadf-09444c5e.hcp.westus2.azmk8s.io\"\
        ,\n   \"azurePortalFQDN\": \"cliakstest-clitestb6zzh4yqj-8ecadf-09444c5e.portal.hcp.westus2.azmk8s.io\"\
        ,\n   \"agentPoolProfiles\": [\n    {\n     \"name\": \"nodepool1\",\n   \
        \  \"count\": 3,\n     \"vmSize\": \"Standard_DS2_v2\",\n     \"osDiskSizeGB\"\
        : 128,\n     \"osDiskType\": \"Managed\",\n     \"kubeletDiskType\": \"OS\"\
        ,\n     \"workloadRuntime\": \"OCIContainer\",\n     \"maxPods\": 110,\n \
        \    \"type\": \"VirtualMachineScaleSets\",\n     \"enableAutoScaling\": false,\n\
        \     \"provisioningState\": \"Creating\",\n     \"powerState\": {\n     \
        \ \"code\": \"Running\"\n     },\n     \"orchestratorVersion\": \"1.23.12\"\
        ,\n     \"currentOrchestratorVersion\": \"1.23.12\",\n     \"enableNodePublicIP\"\
        : false,\n     \"enableCustomCATrust\": false,\n     \"mode\": \"System\"\
        ,\n     \"enableEncryptionAtHost\": false,\n     \"enableUltraSSD\": false,\n\
        \     \"osType\": \"Linux\",\n     \"osSKU\": \"Ubuntu\",\n     \"nodeImageVersion\"\
        : \"AKSUbuntu-1804gen2containerd-2022.09.22\",\n     \"upgradeSettings\":\
        \ {},\n     \"enableFIPS\": false\n    }\n   ],\n   \"linuxProfile\": {\n\
        \    \"adminUsername\": \"azureuser\",\n    \"ssh\": {\n     \"publicKeys\"\
        : [\n      {\n       \"keyData\": \"ssh-rsa AAAAB3NzaC1yc2EAAAADAQABAAACAQCbIg1guRHbI0lV11wWDt1r2cUdcNd27CJsg+SfgC7miZeubtwUhbsPdhMQsfDyhOWHq1+ZL0M+nJZV63d/1dhmhtgyOqejUwrPlzKhydsbrsdUor+JmNJDdW01v7BXHyuymT8G4s09jCasNOwiufbP/qp72ruu0bIA1nySsvlf9pCQAuFkAnVnf/rFhUlOkhtRpwcq8SUNY2zRHR/EKb/4NWY1JzR4sa3q2fWIJdrrX0DvLoa5g9bIEd4Df79ba7v+yiUBOS0zT2ll+z4g9izHK3EO5d8hL4jYxcjKs+wcslSYRWrascfscLgMlMGh0CdKeNTDjHpGPncaf3Z+FwwwjWeuiNBxv7bJo13/8B/098KlVDl4GZqsoBCEjPyJfV6hO0y/LkRGkk7oHWKgeWAfKtfLItRp00eZ4fcJNK9kCaSMmEugoZWcI7NGbZXzqFWqbpRI7NcDP9+WIQ+i9U5vqWsqd/zng4kbuAJ6UuKqIzB0upYrLShfQE3SAck8oaLhJqqq56VfDuASNpJKidV+zq27HfSBmbXnkR/5AK337dc3MXKJypoK/QPMLKUAP5XLPbs+NddJQV7EZXd29DLgp+fRIg3edpKdO7ZErWhv7d+3Kws+e1Y+ypmR2WIVSwVyBEUfgv2C8Ts9gnTF4pNcEY/S2aBicz5Ew2+jdyGNQQ==\
        \ test@example.com\\n\"\n      }\n     ]\n    }\n   },\n   \"servicePrincipalProfile\"\
        : {\n    \"clientId\":\"00000000-0000-0000-0000-000000000001\"\n   },\n  \
        \ \"nodeResourceGroup\": \"MC_clitest000001_cliakstest000002_westus2\",\n\
        \   \"enableRBAC\": true,\n   \"enablePodSecurityPolicy\": false,\n   \"networkProfile\"\
        : {\n    \"networkPlugin\": \"kubenet\",\n    \"loadBalancerSku\": \"standard\"\
        ,\n    \"loadBalancerProfile\": {\n     \"managedOutboundIPs\": {\n      \"\
        count\": 1\n     },\n     \"backendPoolType\": \"nodeIPConfiguration\"\n \
        \   },\n    \"podCidr\": \"10.244.0.0/16\",\n    \"serviceCidr\": \"10.0.0.0/16\"\
        ,\n    \"dnsServiceIP\": \"10.0.0.10\",\n    \"dockerBridgeCidr\": \"172.17.0.1/16\"\
        ,\n    \"outboundType\": \"loadBalancer\",\n    \"podCidrs\": [\n     \"10.244.0.0/16\"\
        \n    ],\n    \"serviceCidrs\": [\n     \"10.0.0.0/16\"\n    ],\n    \"ipFamilies\"\
        : [\n     \"IPv4\"\n    ]\n   },\n   \"maxAgentPools\": 100,\n   \"disableLocalAccounts\"\
        : false,\n   \"securityProfile\": {},\n   \"storageProfile\": {\n    \"diskCSIDriver\"\
        : {\n     \"enabled\": true,\n     \"version\": \"v1\"\n    },\n    \"fileCSIDriver\"\
        : {\n     \"enabled\": true\n    },\n    \"snapshotController\": {\n     \"\
        enabled\": true\n    }\n   },\n   \"oidcIssuerProfile\": {\n    \"enabled\"\
        : false\n   },\n   \"workloadAutoScalerProfile\": {}\n  },\n  \"identity\"\
        : {\n   \"type\": \"SystemAssigned\",\n   \"principalId\":\"00000000-0000-0000-0000-000000000001\"\
        ,\n   \"tenantId\": \"72f988bf-86f1-41af-91ab-2d7cd011db47\"\n  },\n  \"sku\"\
        : {\n   \"name\": \"Basic\",\n   \"tier\": \"Free\"\n  }\n }"
    headers:
      azure-asyncoperation:
      - https://management.azure.com/subscriptions/00000000-0000-0000-0000-000000000000/providers/Microsoft.ContainerService/locations/westus2/operations/af39fada-6d06-42bf-803a-f7ee3af2d73c?api-version=2016-03-30
      cache-control:
      - no-cache
      content-length:
      - '3782'
      content-type:
      - application/json
      date:
      - Fri, 07 Oct 2022 01:50:16 GMT
      expires:
      - '-1'
      pragma:
      - no-cache
      server:
      - nginx
      strict-transport-security:
      - max-age=31536000; includeSubDomains
      x-content-type-options:
      - nosniff
      x-ms-ratelimit-remaining-subscription-writes:
      - '1199'
    status:
      code: 201
      message: Created
- request:
    body: null
    headers:
      Accept:
      - '*/*'
      Accept-Encoding:
      - gzip, deflate
      CommandName:
      - aks create
      Connection:
      - keep-alive
      ParameterSetName:
      - --resource-group --name --kube-proxy-config --aks-custom-headers --ssh-key-value
        --enable-managed-identity --yes -o
      User-Agent:
      - AZURECLI/2.40.0 (DOCKER) azsdk-python-azure-mgmt-containerservice/20.3.0b2
        Python/3.10.6 (Linux-5.10.102.1-microsoft-standard-WSL2-x86_64-with)
    method: GET
    uri: https://management.azure.com/subscriptions/00000000-0000-0000-0000-000000000000/providers/Microsoft.ContainerService/locations/westus2/operations/af39fada-6d06-42bf-803a-f7ee3af2d73c?api-version=2016-03-30
  response:
    body:
      string: "{\n  \"name\": \"dafa39af-066d-bf42-803a-f7ee3af2d73c\",\n  \"status\"\
        : \"InProgress\",\n  \"startTime\": \"2022-10-07T01:50:16.5235147Z\"\n }"
    headers:
      cache-control:
      - no-cache
      content-length:
      - '126'
      content-type:
      - application/json
      date:
      - Fri, 07 Oct 2022 01:50:46 GMT
      expires:
      - '-1'
      pragma:
      - no-cache
      server:
      - nginx
      strict-transport-security:
      - max-age=31536000; includeSubDomains
      transfer-encoding:
      - chunked
      vary:
      - Accept-Encoding
      x-content-type-options:
      - nosniff
    status:
      code: 200
      message: OK
- request:
    body: null
    headers:
      Accept:
      - '*/*'
      Accept-Encoding:
      - gzip, deflate
      CommandName:
      - aks create
      Connection:
      - keep-alive
      ParameterSetName:
      - --resource-group --name --kube-proxy-config --aks-custom-headers --ssh-key-value
        --enable-managed-identity --yes -o
      User-Agent:
      - AZURECLI/2.40.0 (DOCKER) azsdk-python-azure-mgmt-containerservice/20.3.0b2
        Python/3.10.6 (Linux-5.10.102.1-microsoft-standard-WSL2-x86_64-with)
    method: GET
    uri: https://management.azure.com/subscriptions/00000000-0000-0000-0000-000000000000/providers/Microsoft.ContainerService/locations/westus2/operations/af39fada-6d06-42bf-803a-f7ee3af2d73c?api-version=2016-03-30
  response:
    body:
      string: "{\n  \"name\": \"dafa39af-066d-bf42-803a-f7ee3af2d73c\",\n  \"status\"\
        : \"InProgress\",\n  \"startTime\": \"2022-10-07T01:50:16.5235147Z\"\n }"
    headers:
      cache-control:
      - no-cache
      content-length:
      - '126'
      content-type:
      - application/json
      date:
      - Fri, 07 Oct 2022 01:51:16 GMT
      expires:
      - '-1'
      pragma:
      - no-cache
      server:
      - nginx
      strict-transport-security:
      - max-age=31536000; includeSubDomains
      transfer-encoding:
      - chunked
      vary:
      - Accept-Encoding
      x-content-type-options:
      - nosniff
    status:
      code: 200
      message: OK
- request:
    body: null
    headers:
      Accept:
      - '*/*'
      Accept-Encoding:
      - gzip, deflate
      CommandName:
      - aks create
      Connection:
      - keep-alive
      ParameterSetName:
      - --resource-group --name --kube-proxy-config --aks-custom-headers --ssh-key-value
        --enable-managed-identity --yes -o
      User-Agent:
      - AZURECLI/2.40.0 (DOCKER) azsdk-python-azure-mgmt-containerservice/20.3.0b2
        Python/3.10.6 (Linux-5.10.102.1-microsoft-standard-WSL2-x86_64-with)
    method: GET
    uri: https://management.azure.com/subscriptions/00000000-0000-0000-0000-000000000000/providers/Microsoft.ContainerService/locations/westus2/operations/af39fada-6d06-42bf-803a-f7ee3af2d73c?api-version=2016-03-30
  response:
    body:
      string: "{\n  \"name\": \"dafa39af-066d-bf42-803a-f7ee3af2d73c\",\n  \"status\"\
        : \"InProgress\",\n  \"startTime\": \"2022-10-07T01:50:16.5235147Z\"\n }"
    headers:
      cache-control:
      - no-cache
      content-length:
      - '126'
      content-type:
      - application/json
      date:
      - Fri, 07 Oct 2022 01:51:46 GMT
      expires:
      - '-1'
      pragma:
      - no-cache
      server:
      - nginx
      strict-transport-security:
      - max-age=31536000; includeSubDomains
      transfer-encoding:
      - chunked
      vary:
      - Accept-Encoding
      x-content-type-options:
      - nosniff
    status:
      code: 200
      message: OK
- request:
    body: null
    headers:
      Accept:
      - '*/*'
      Accept-Encoding:
      - gzip, deflate
      CommandName:
      - aks create
      Connection:
      - keep-alive
      ParameterSetName:
      - --resource-group --name --kube-proxy-config --aks-custom-headers --ssh-key-value
        --enable-managed-identity --yes -o
      User-Agent:
      - AZURECLI/2.40.0 (DOCKER) azsdk-python-azure-mgmt-containerservice/20.3.0b2
        Python/3.10.6 (Linux-5.10.102.1-microsoft-standard-WSL2-x86_64-with)
    method: GET
    uri: https://management.azure.com/subscriptions/00000000-0000-0000-0000-000000000000/providers/Microsoft.ContainerService/locations/westus2/operations/af39fada-6d06-42bf-803a-f7ee3af2d73c?api-version=2016-03-30
  response:
    body:
      string: "{\n  \"name\": \"dafa39af-066d-bf42-803a-f7ee3af2d73c\",\n  \"status\"\
        : \"InProgress\",\n  \"startTime\": \"2022-10-07T01:50:16.5235147Z\"\n }"
    headers:
      cache-control:
      - no-cache
      content-length:
      - '126'
      content-type:
      - application/json
      date:
      - Fri, 07 Oct 2022 01:52:16 GMT
      expires:
      - '-1'
      pragma:
      - no-cache
      server:
      - nginx
      strict-transport-security:
      - max-age=31536000; includeSubDomains
      transfer-encoding:
      - chunked
      vary:
      - Accept-Encoding
      x-content-type-options:
      - nosniff
    status:
      code: 200
      message: OK
- request:
    body: null
    headers:
      Accept:
      - '*/*'
      Accept-Encoding:
      - gzip, deflate
      CommandName:
      - aks create
      Connection:
      - keep-alive
      ParameterSetName:
      - --resource-group --name --kube-proxy-config --aks-custom-headers --ssh-key-value
        --enable-managed-identity --yes -o
      User-Agent:
      - AZURECLI/2.40.0 (DOCKER) azsdk-python-azure-mgmt-containerservice/20.3.0b2
        Python/3.10.6 (Linux-5.10.102.1-microsoft-standard-WSL2-x86_64-with)
    method: GET
    uri: https://management.azure.com/subscriptions/00000000-0000-0000-0000-000000000000/providers/Microsoft.ContainerService/locations/westus2/operations/af39fada-6d06-42bf-803a-f7ee3af2d73c?api-version=2016-03-30
  response:
    body:
      string: "{\n  \"name\": \"dafa39af-066d-bf42-803a-f7ee3af2d73c\",\n  \"status\"\
        : \"InProgress\",\n  \"startTime\": \"2022-10-07T01:50:16.5235147Z\"\n }"
    headers:
      cache-control:
      - no-cache
      content-length:
      - '126'
      content-type:
      - application/json
      date:
      - Fri, 07 Oct 2022 01:52:47 GMT
      expires:
      - '-1'
      pragma:
      - no-cache
      server:
      - nginx
      strict-transport-security:
      - max-age=31536000; includeSubDomains
      transfer-encoding:
      - chunked
      vary:
      - Accept-Encoding
      x-content-type-options:
      - nosniff
    status:
      code: 200
      message: OK
- request:
    body: null
    headers:
      Accept:
      - '*/*'
      Accept-Encoding:
      - gzip, deflate
      CommandName:
      - aks create
      Connection:
      - keep-alive
      ParameterSetName:
      - --resource-group --name --kube-proxy-config --aks-custom-headers --ssh-key-value
        --enable-managed-identity --yes -o
      User-Agent:
      - AZURECLI/2.40.0 (DOCKER) azsdk-python-azure-mgmt-containerservice/20.3.0b2
        Python/3.10.6 (Linux-5.10.102.1-microsoft-standard-WSL2-x86_64-with)
    method: GET
    uri: https://management.azure.com/subscriptions/00000000-0000-0000-0000-000000000000/providers/Microsoft.ContainerService/locations/westus2/operations/af39fada-6d06-42bf-803a-f7ee3af2d73c?api-version=2016-03-30
  response:
    body:
      string: "{\n  \"name\": \"dafa39af-066d-bf42-803a-f7ee3af2d73c\",\n  \"status\"\
        : \"InProgress\",\n  \"startTime\": \"2022-10-07T01:50:16.5235147Z\"\n }"
    headers:
      cache-control:
      - no-cache
      content-length:
      - '126'
      content-type:
      - application/json
      date:
      - Fri, 07 Oct 2022 01:53:17 GMT
      expires:
      - '-1'
      pragma:
      - no-cache
      server:
      - nginx
      strict-transport-security:
      - max-age=31536000; includeSubDomains
      transfer-encoding:
      - chunked
      vary:
      - Accept-Encoding
      x-content-type-options:
      - nosniff
    status:
      code: 200
      message: OK
- request:
    body: null
    headers:
      Accept:
      - '*/*'
      Accept-Encoding:
      - gzip, deflate
      CommandName:
      - aks create
      Connection:
      - keep-alive
      ParameterSetName:
      - --resource-group --name --kube-proxy-config --aks-custom-headers --ssh-key-value
        --enable-managed-identity --yes -o
      User-Agent:
      - AZURECLI/2.40.0 (DOCKER) azsdk-python-azure-mgmt-containerservice/20.3.0b2
        Python/3.10.6 (Linux-5.10.102.1-microsoft-standard-WSL2-x86_64-with)
    method: GET
    uri: https://management.azure.com/subscriptions/00000000-0000-0000-0000-000000000000/providers/Microsoft.ContainerService/locations/westus2/operations/af39fada-6d06-42bf-803a-f7ee3af2d73c?api-version=2016-03-30
  response:
    body:
      string: "{\n  \"name\": \"dafa39af-066d-bf42-803a-f7ee3af2d73c\",\n  \"status\"\
        : \"InProgress\",\n  \"startTime\": \"2022-10-07T01:50:16.5235147Z\"\n }"
    headers:
      cache-control:
      - no-cache
      content-length:
      - '126'
      content-type:
      - application/json
      date:
      - Fri, 07 Oct 2022 01:53:47 GMT
      expires:
      - '-1'
      pragma:
      - no-cache
      server:
      - nginx
      strict-transport-security:
      - max-age=31536000; includeSubDomains
      transfer-encoding:
      - chunked
      vary:
      - Accept-Encoding
      x-content-type-options:
      - nosniff
    status:
      code: 200
      message: OK
- request:
    body: null
    headers:
      Accept:
      - '*/*'
      Accept-Encoding:
      - gzip, deflate
      CommandName:
      - aks create
      Connection:
      - keep-alive
      ParameterSetName:
      - --resource-group --name --kube-proxy-config --aks-custom-headers --ssh-key-value
        --enable-managed-identity --yes -o
      User-Agent:
      - AZURECLI/2.40.0 (DOCKER) azsdk-python-azure-mgmt-containerservice/20.3.0b2
        Python/3.10.6 (Linux-5.10.102.1-microsoft-standard-WSL2-x86_64-with)
    method: GET
    uri: https://management.azure.com/subscriptions/00000000-0000-0000-0000-000000000000/providers/Microsoft.ContainerService/locations/westus2/operations/af39fada-6d06-42bf-803a-f7ee3af2d73c?api-version=2016-03-30
  response:
    body:
      string: "{\n  \"name\": \"dafa39af-066d-bf42-803a-f7ee3af2d73c\",\n  \"status\"\
        : \"InProgress\",\n  \"startTime\": \"2022-10-07T01:50:16.5235147Z\"\n }"
    headers:
      cache-control:
      - no-cache
      content-length:
      - '126'
      content-type:
      - application/json
      date:
      - Fri, 07 Oct 2022 01:54:17 GMT
      expires:
      - '-1'
      pragma:
      - no-cache
      server:
      - nginx
      strict-transport-security:
      - max-age=31536000; includeSubDomains
      transfer-encoding:
      - chunked
      vary:
      - Accept-Encoding
      x-content-type-options:
      - nosniff
    status:
      code: 200
      message: OK
- request:
    body: null
    headers:
      Accept:
      - '*/*'
      Accept-Encoding:
      - gzip, deflate
      CommandName:
      - aks create
      Connection:
      - keep-alive
      ParameterSetName:
      - --resource-group --name --kube-proxy-config --aks-custom-headers --ssh-key-value
        --enable-managed-identity --yes -o
      User-Agent:
      - AZURECLI/2.40.0 (DOCKER) azsdk-python-azure-mgmt-containerservice/20.3.0b2
        Python/3.10.6 (Linux-5.10.102.1-microsoft-standard-WSL2-x86_64-with)
    method: GET
    uri: https://management.azure.com/subscriptions/00000000-0000-0000-0000-000000000000/providers/Microsoft.ContainerService/locations/westus2/operations/af39fada-6d06-42bf-803a-f7ee3af2d73c?api-version=2016-03-30
  response:
    body:
      string: "{\n  \"name\": \"dafa39af-066d-bf42-803a-f7ee3af2d73c\",\n  \"status\"\
        : \"Succeeded\",\n  \"startTime\": \"2022-10-07T01:50:16.5235147Z\",\n  \"\
        endTime\": \"2022-10-07T01:54:42.2169297Z\"\n }"
    headers:
      cache-control:
      - no-cache
      content-length:
      - '170'
      content-type:
      - application/json
      date:
      - Fri, 07 Oct 2022 01:54:47 GMT
      expires:
      - '-1'
      pragma:
      - no-cache
      server:
      - nginx
      strict-transport-security:
      - max-age=31536000; includeSubDomains
      transfer-encoding:
      - chunked
      vary:
      - Accept-Encoding
      x-content-type-options:
      - nosniff
    status:
      code: 200
      message: OK
- request:
    body: null
    headers:
      Accept:
      - '*/*'
      Accept-Encoding:
      - gzip, deflate
      CommandName:
      - aks create
      Connection:
      - keep-alive
      ParameterSetName:
      - --resource-group --name --kube-proxy-config --aks-custom-headers --ssh-key-value
        --enable-managed-identity --yes -o
      User-Agent:
      - AZURECLI/2.40.0 (DOCKER) azsdk-python-azure-mgmt-containerservice/20.3.0b2
        Python/3.10.6 (Linux-5.10.102.1-microsoft-standard-WSL2-x86_64-with)
    method: GET
    uri: https://management.azure.com/subscriptions/00000000-0000-0000-0000-000000000000/resourceGroups/clitest000001/providers/Microsoft.ContainerService/managedClusters/cliakstest000002?api-version=2022-08-03-preview
  response:
    body:
      string: "{\n  \"id\": \"/subscriptions/00000000-0000-0000-0000-000000000000/resourcegroups/clitest000001/providers/Microsoft.ContainerService/managedClusters/cliakstest000002\"\
        ,\n  \"location\": \"westus2\",\n  \"name\": \"cliakstest000002\",\n  \"type\"\
        : \"Microsoft.ContainerService/ManagedClusters\",\n  \"properties\": {\n \
        \  \"provisioningState\": \"Succeeded\",\n   \"powerState\": {\n    \"code\"\
        : \"Running\"\n   },\n   \"kubernetesVersion\": \"1.23.12\",\n   \"currentKubernetesVersion\"\
        : \"1.23.12\",\n   \"dnsPrefix\": \"cliakstest-clitestb6zzh4yqj-8ecadf\",\n\
        \   \"fqdn\": \"cliakstest-clitestb6zzh4yqj-8ecadf-09444c5e.hcp.westus2.azmk8s.io\"\
        ,\n   \"azurePortalFQDN\": \"cliakstest-clitestb6zzh4yqj-8ecadf-09444c5e.portal.hcp.westus2.azmk8s.io\"\
        ,\n   \"agentPoolProfiles\": [\n    {\n     \"name\": \"nodepool1\",\n   \
        \  \"count\": 3,\n     \"vmSize\": \"Standard_DS2_v2\",\n     \"osDiskSizeGB\"\
        : 128,\n     \"osDiskType\": \"Managed\",\n     \"kubeletDiskType\": \"OS\"\
        ,\n     \"workloadRuntime\": \"OCIContainer\",\n     \"maxPods\": 110,\n \
        \    \"type\": \"VirtualMachineScaleSets\",\n     \"enableAutoScaling\": false,\n\
        \     \"provisioningState\": \"Succeeded\",\n     \"powerState\": {\n    \
        \  \"code\": \"Running\"\n     },\n     \"orchestratorVersion\": \"1.23.12\"\
        ,\n     \"currentOrchestratorVersion\": \"1.23.12\",\n     \"enableNodePublicIP\"\
        : false,\n     \"enableCustomCATrust\": false,\n     \"mode\": \"System\"\
        ,\n     \"enableEncryptionAtHost\": false,\n     \"enableUltraSSD\": false,\n\
        \     \"osType\": \"Linux\",\n     \"osSKU\": \"Ubuntu\",\n     \"nodeImageVersion\"\
        : \"AKSUbuntu-1804gen2containerd-2022.09.22\",\n     \"upgradeSettings\":\
        \ {},\n     \"enableFIPS\": false\n    }\n   ],\n   \"linuxProfile\": {\n\
        \    \"adminUsername\": \"azureuser\",\n    \"ssh\": {\n     \"publicKeys\"\
        : [\n      {\n       \"keyData\": \"ssh-rsa AAAAB3NzaC1yc2EAAAADAQABAAACAQCbIg1guRHbI0lV11wWDt1r2cUdcNd27CJsg+SfgC7miZeubtwUhbsPdhMQsfDyhOWHq1+ZL0M+nJZV63d/1dhmhtgyOqejUwrPlzKhydsbrsdUor+JmNJDdW01v7BXHyuymT8G4s09jCasNOwiufbP/qp72ruu0bIA1nySsvlf9pCQAuFkAnVnf/rFhUlOkhtRpwcq8SUNY2zRHR/EKb/4NWY1JzR4sa3q2fWIJdrrX0DvLoa5g9bIEd4Df79ba7v+yiUBOS0zT2ll+z4g9izHK3EO5d8hL4jYxcjKs+wcslSYRWrascfscLgMlMGh0CdKeNTDjHpGPncaf3Z+FwwwjWeuiNBxv7bJo13/8B/098KlVDl4GZqsoBCEjPyJfV6hO0y/LkRGkk7oHWKgeWAfKtfLItRp00eZ4fcJNK9kCaSMmEugoZWcI7NGbZXzqFWqbpRI7NcDP9+WIQ+i9U5vqWsqd/zng4kbuAJ6UuKqIzB0upYrLShfQE3SAck8oaLhJqqq56VfDuASNpJKidV+zq27HfSBmbXnkR/5AK337dc3MXKJypoK/QPMLKUAP5XLPbs+NddJQV7EZXd29DLgp+fRIg3edpKdO7ZErWhv7d+3Kws+e1Y+ypmR2WIVSwVyBEUfgv2C8Ts9gnTF4pNcEY/S2aBicz5Ew2+jdyGNQQ==\
        \ test@example.com\\n\"\n      }\n     ]\n    }\n   },\n   \"servicePrincipalProfile\"\
        : {\n    \"clientId\":\"00000000-0000-0000-0000-000000000001\"\n   },\n  \
        \ \"nodeResourceGroup\": \"MC_clitest000001_cliakstest000002_westus2\",\n\
        \   \"enableRBAC\": true,\n   \"enablePodSecurityPolicy\": false,\n   \"networkProfile\"\
        : {\n    \"networkPlugin\": \"kubenet\",\n    \"loadBalancerSku\": \"Standard\"\
        ,\n    \"loadBalancerProfile\": {\n     \"managedOutboundIPs\": {\n      \"\
        count\": 1\n     },\n     \"effectiveOutboundIPs\": [\n      {\n       \"\
        id\": \"/subscriptions/00000000-0000-0000-0000-000000000000/resourceGroups/MC_clitest000001_cliakstest000002_westus2/providers/Microsoft.Network/publicIPAddresses/66f25829-7fe3-4bb0-ab1d-15a35cb8631c\"\
        \n      }\n     ],\n     \"backendPoolType\": \"nodeIPConfiguration\"\n  \
        \  },\n    \"podCidr\": \"10.244.0.0/16\",\n    \"serviceCidr\": \"10.0.0.0/16\"\
        ,\n    \"dnsServiceIP\": \"10.0.0.10\",\n    \"dockerBridgeCidr\": \"172.17.0.1/16\"\
        ,\n    \"outboundType\": \"loadBalancer\",\n    \"podCidrs\": [\n     \"10.244.0.0/16\"\
        \n    ],\n    \"serviceCidrs\": [\n     \"10.0.0.0/16\"\n    ],\n    \"ipFamilies\"\
        : [\n     \"IPv4\"\n    ]\n   },\n   \"maxAgentPools\": 100,\n   \"identityProfile\"\
        : {\n    \"kubeletidentity\": {\n     \"resourceId\": \"/subscriptions/00000000-0000-0000-0000-000000000000/resourcegroups/MC_clitest000001_cliakstest000002_westus2/providers/Microsoft.ManagedIdentity/userAssignedIdentities/cliakstest000002-agentpool\"\
        ,\n     \"clientId\":\"00000000-0000-0000-0000-000000000001\",\n     \"objectId\"\
        :\"00000000-0000-0000-0000-000000000001\"\n    }\n   },\n   \"disableLocalAccounts\"\
        : false,\n   \"securityProfile\": {},\n   \"storageProfile\": {\n    \"diskCSIDriver\"\
        : {\n     \"enabled\": true,\n     \"version\": \"v1\"\n    },\n    \"fileCSIDriver\"\
        : {\n     \"enabled\": true\n    },\n    \"snapshotController\": {\n     \"\
        enabled\": true\n    }\n   },\n   \"oidcIssuerProfile\": {\n    \"enabled\"\
        : false\n   },\n   \"workloadAutoScalerProfile\": {}\n  },\n  \"identity\"\
        : {\n   \"type\": \"SystemAssigned\",\n   \"principalId\":\"00000000-0000-0000-0000-000000000001\"\
        ,\n   \"tenantId\": \"72f988bf-86f1-41af-91ab-2d7cd011db47\"\n  },\n  \"sku\"\
        : {\n   \"name\": \"Basic\",\n   \"tier\": \"Free\"\n  }\n }"
    headers:
      cache-control:
      - no-cache
      content-length:
      - '4435'
      content-type:
      - application/json
      date:
      - Fri, 07 Oct 2022 01:54:47 GMT
      expires:
      - '-1'
      pragma:
      - no-cache
      server:
      - nginx
      strict-transport-security:
      - max-age=31536000; includeSubDomains
      transfer-encoding:
      - chunked
      vary:
      - Accept-Encoding
      x-content-type-options:
      - nosniff
    status:
      code: 200
      message: OK
- request:
    body: null
    headers:
      Accept:
      - application/json
      Accept-Encoding:
      - gzip, deflate
      CommandName:
      - aks create
      Connection:
      - keep-alive
      ParameterSetName:
      - --resource-group --name --kube-proxy-config --aks-custom-headers --ssh-key-value
        --enable-managed-identity --yes -o
      User-Agent:
      - AZURECLI/2.40.0 (DOCKER) azsdk-python-azure-mgmt-resource/21.1.0b1 Python/3.10.6
        (Linux-5.10.102.1-microsoft-standard-WSL2-x86_64-with)
    method: GET
    uri: https://management.azure.com/subscriptions/00000000-0000-0000-0000-000000000000/resourcegroups/clitest000001?api-version=2021-04-01
  response:
    body:
      string: '{"id":"/subscriptions/00000000-0000-0000-0000-000000000000/resourceGroups/clitest000001","name":"clitest000001","type":"Microsoft.Resources/resourceGroups","location":"westus2","tags":{"cause":"automation","date":"2022-10-07T01:50:09Z","deletion_due_time":"1665366731","deletion_marked_by":"gc","product":"azurecli"},"properties":{"provisioningState":"Succeeded"}}'
    headers:
      cache-control:
      - no-cache
      content-length:
      - '364'
      content-type:
      - application/json; charset=utf-8
      date:
      - Fri, 07 Oct 2022 01:54:48 GMT
      expires:
      - '-1'
      pragma:
      - no-cache
      strict-transport-security:
      - max-age=31536000; includeSubDomains
      vary:
      - Accept-Encoding
      x-content-type-options:
      - nosniff
    status:
      code: 200
      message: OK
- request:
    body: '{"location": "westus2", "identity": {"type": "SystemAssigned"}, "properties":
      {"kubernetesVersion": "", "dnsPrefix": "cliakstest-clitestb6zzh4yqj-8ecadf",
      "agentPoolProfiles": [{"count": 3, "vmSize": "Standard_DS2_v2", "osDiskSizeGB":
      0, "workloadRuntime": "OCIContainer", "osType": "Linux", "enableAutoScaling":
      false, "type": "VirtualMachineScaleSets", "mode": "System", "orchestratorVersion":
      "", "upgradeSettings": {}, "enableNodePublicIP": false, "enableCustomCATrust":
      false, "scaleSetPriority": "Regular", "scaleSetEvictionPolicy": "Delete", "spotMaxPrice":
      -1.0, "nodeTaints": [], "enableEncryptionAtHost": false, "enableUltraSSD": false,
      "enableFIPS": false, "name": "nodepool1"}], "linuxProfile": {"adminUsername":
      "azureuser", "ssh": {"publicKeys": [{"keyData": "ssh-rsa AAAAB3NzaC1yc2EAAAADAQABAAACAQCbIg1guRHbI0lV11wWDt1r2cUdcNd27CJsg+SfgC7miZeubtwUhbsPdhMQsfDyhOWHq1+ZL0M+nJZV63d/1dhmhtgyOqejUwrPlzKhydsbrsdUor+JmNJDdW01v7BXHyuymT8G4s09jCasNOwiufbP/qp72ruu0bIA1nySsvlf9pCQAuFkAnVnf/rFhUlOkhtRpwcq8SUNY2zRHR/EKb/4NWY1JzR4sa3q2fWIJdrrX0DvLoa5g9bIEd4Df79ba7v+yiUBOS0zT2ll+z4g9izHK3EO5d8hL4jYxcjKs+wcslSYRWrascfscLgMlMGh0CdKeNTDjHpGPncaf3Z+FwwwjWeuiNBxv7bJo13/8B/098KlVDl4GZqsoBCEjPyJfV6hO0y/LkRGkk7oHWKgeWAfKtfLItRp00eZ4fcJNK9kCaSMmEugoZWcI7NGbZXzqFWqbpRI7NcDP9+WIQ+i9U5vqWsqd/zng4kbuAJ6UuKqIzB0upYrLShfQE3SAck8oaLhJqqq56VfDuASNpJKidV+zq27HfSBmbXnkR/5AK337dc3MXKJypoK/QPMLKUAP5XLPbs+NddJQV7EZXd29DLgp+fRIg3edpKdO7ZErWhv7d+3Kws+e1Y+ypmR2WIVSwVyBEUfgv2C8Ts9gnTF4pNcEY/S2aBicz5Ew2+jdyGNQQ==
      test@example.com\n"}]}}, "addonProfiles": {}, "enableRBAC": true, "enablePodSecurityPolicy":
      false, "networkProfile": {"networkPlugin": "kubenet", "podCidr": "10.244.0.0/16",
      "serviceCidr": "10.0.0.0/16", "dnsServiceIP": "10.0.0.10", "dockerBridgeCidr":
      "172.17.0.1/16", "outboundType": "loadBalancer", "loadBalancerSku": "standard"},
      "disableLocalAccounts": false, "storageProfile": {}}}'
    headers:
      AKSHTTPCustomFeatures:
      - Microsoft.ContainerService/KubeProxyConfigurationPreview
      Accept:
      - application/json
      Accept-Encoding:
      - gzip, deflate
      CommandName:
      - aks create
      Connection:
      - keep-alive
      Content-Length:
      - '1887'
      Content-Type:
      - application/json
      ParameterSetName:
      - --resource-group --name --kube-proxy-config --aks-custom-headers --ssh-key-value
        --enable-managed-identity --yes -o
      User-Agent:
      - AZURECLI/2.40.0 (DOCKER) azsdk-python-azure-mgmt-containerservice/20.3.0b2
        Python/3.10.6 (Linux-5.10.102.1-microsoft-standard-WSL2-x86_64-with)
    method: PUT
    uri: https://management.azure.com/subscriptions/00000000-0000-0000-0000-000000000000/resourceGroups/clitest000001/providers/Microsoft.ContainerService/managedClusters/cliakstest000002?api-version=2022-08-03-preview
  response:
    body:
      string: "{\n  \"id\": \"/subscriptions/00000000-0000-0000-0000-000000000000/resourcegroups/clitest000001/providers/Microsoft.ContainerService/managedClusters/cliakstest000002\"\
        ,\n  \"location\": \"westus2\",\n  \"name\": \"cliakstest000002\",\n  \"type\"\
        : \"Microsoft.ContainerService/ManagedClusters\",\n  \"properties\": {\n \
        \  \"provisioningState\": \"Updating\",\n   \"powerState\": {\n    \"code\"\
        : \"Running\"\n   },\n   \"kubernetesVersion\": \"1.23.12\",\n   \"currentKubernetesVersion\"\
        : \"1.23.12\",\n   \"dnsPrefix\": \"cliakstest-clitestb6zzh4yqj-8ecadf\",\n\
        \   \"fqdn\": \"cliakstest-clitestb6zzh4yqj-8ecadf-09444c5e.hcp.westus2.azmk8s.io\"\
        ,\n   \"azurePortalFQDN\": \"cliakstest-clitestb6zzh4yqj-8ecadf-09444c5e.portal.hcp.westus2.azmk8s.io\"\
        ,\n   \"agentPoolProfiles\": [\n    {\n     \"name\": \"nodepool1\",\n   \
        \  \"count\": 3,\n     \"vmSize\": \"Standard_DS2_v2\",\n     \"osDiskSizeGB\"\
        : 128,\n     \"osDiskType\": \"Managed\",\n     \"kubeletDiskType\": \"OS\"\
        ,\n     \"workloadRuntime\": \"OCIContainer\",\n     \"maxPods\": 110,\n \
        \    \"type\": \"VirtualMachineScaleSets\",\n     \"enableAutoScaling\": false,\n\
        \     \"provisioningState\": \"Updating\",\n     \"powerState\": {\n     \
        \ \"code\": \"Running\"\n     },\n     \"orchestratorVersion\": \"1.23.12\"\
        ,\n     \"currentOrchestratorVersion\": \"1.23.12\",\n     \"enableNodePublicIP\"\
        : false,\n     \"enableCustomCATrust\": false,\n     \"mode\": \"System\"\
        ,\n     \"enableEncryptionAtHost\": false,\n     \"enableUltraSSD\": false,\n\
        \     \"osType\": \"Linux\",\n     \"osSKU\": \"Ubuntu\",\n     \"nodeImageVersion\"\
        : \"AKSUbuntu-1804gen2containerd-2022.09.22\",\n     \"upgradeSettings\":\
        \ {},\n     \"enableFIPS\": false\n    }\n   ],\n   \"linuxProfile\": {\n\
        \    \"adminUsername\": \"azureuser\",\n    \"ssh\": {\n     \"publicKeys\"\
        : [\n      {\n       \"keyData\": \"ssh-rsa AAAAB3NzaC1yc2EAAAADAQABAAACAQCbIg1guRHbI0lV11wWDt1r2cUdcNd27CJsg+SfgC7miZeubtwUhbsPdhMQsfDyhOWHq1+ZL0M+nJZV63d/1dhmhtgyOqejUwrPlzKhydsbrsdUor+JmNJDdW01v7BXHyuymT8G4s09jCasNOwiufbP/qp72ruu0bIA1nySsvlf9pCQAuFkAnVnf/rFhUlOkhtRpwcq8SUNY2zRHR/EKb/4NWY1JzR4sa3q2fWIJdrrX0DvLoa5g9bIEd4Df79ba7v+yiUBOS0zT2ll+z4g9izHK3EO5d8hL4jYxcjKs+wcslSYRWrascfscLgMlMGh0CdKeNTDjHpGPncaf3Z+FwwwjWeuiNBxv7bJo13/8B/098KlVDl4GZqsoBCEjPyJfV6hO0y/LkRGkk7oHWKgeWAfKtfLItRp00eZ4fcJNK9kCaSMmEugoZWcI7NGbZXzqFWqbpRI7NcDP9+WIQ+i9U5vqWsqd/zng4kbuAJ6UuKqIzB0upYrLShfQE3SAck8oaLhJqqq56VfDuASNpJKidV+zq27HfSBmbXnkR/5AK337dc3MXKJypoK/QPMLKUAP5XLPbs+NddJQV7EZXd29DLgp+fRIg3edpKdO7ZErWhv7d+3Kws+e1Y+ypmR2WIVSwVyBEUfgv2C8Ts9gnTF4pNcEY/S2aBicz5Ew2+jdyGNQQ==\
        \ test@example.com\\n\"\n      }\n     ]\n    }\n   },\n   \"servicePrincipalProfile\"\
        : {\n    \"clientId\":\"00000000-0000-0000-0000-000000000001\"\n   },\n  \
        \ \"nodeResourceGroup\": \"MC_clitest000001_cliakstest000002_westus2\",\n\
        \   \"enableRBAC\": true,\n   \"enablePodSecurityPolicy\": false,\n   \"networkProfile\"\
        : {\n    \"networkPlugin\": \"kubenet\",\n    \"loadBalancerSku\": \"Standard\"\
        ,\n    \"loadBalancerProfile\": {\n     \"managedOutboundIPs\": {\n      \"\
        count\": 1\n     },\n     \"effectiveOutboundIPs\": [\n      {\n       \"\
        id\": \"/subscriptions/00000000-0000-0000-0000-000000000000/resourceGroups/MC_clitest000001_cliakstest000002_westus2/providers/Microsoft.Network/publicIPAddresses/66f25829-7fe3-4bb0-ab1d-15a35cb8631c\"\
        \n      }\n     ],\n     \"backendPoolType\": \"nodeIPConfiguration\"\n  \
        \  },\n    \"podCidr\": \"10.244.0.0/16\",\n    \"serviceCidr\": \"10.0.0.0/16\"\
        ,\n    \"dnsServiceIP\": \"10.0.0.10\",\n    \"dockerBridgeCidr\": \"172.17.0.1/16\"\
        ,\n    \"outboundType\": \"loadBalancer\",\n    \"podCidrs\": [\n     \"10.244.0.0/16\"\
        \n    ],\n    \"serviceCidrs\": [\n     \"10.0.0.0/16\"\n    ],\n    \"ipFamilies\"\
        : [\n     \"IPv4\"\n    ]\n   },\n   \"maxAgentPools\": 100,\n   \"identityProfile\"\
        : {\n    \"kubeletidentity\": {\n     \"resourceId\": \"/subscriptions/00000000-0000-0000-0000-000000000000/resourcegroups/MC_clitest000001_cliakstest000002_westus2/providers/Microsoft.ManagedIdentity/userAssignedIdentities/cliakstest000002-agentpool\"\
        ,\n     \"clientId\":\"00000000-0000-0000-0000-000000000001\",\n     \"objectId\"\
        :\"00000000-0000-0000-0000-000000000001\"\n    }\n   },\n   \"disableLocalAccounts\"\
        : false,\n   \"securityProfile\": {},\n   \"storageProfile\": {\n    \"diskCSIDriver\"\
        : {\n     \"enabled\": true,\n     \"version\": \"v1\"\n    },\n    \"fileCSIDriver\"\
        : {\n     \"enabled\": true\n    },\n    \"snapshotController\": {\n     \"\
        enabled\": true\n    }\n   },\n   \"oidcIssuerProfile\": {\n    \"enabled\"\
        : false\n   },\n   \"workloadAutoScalerProfile\": {}\n  },\n  \"identity\"\
        : {\n   \"type\": \"SystemAssigned\",\n   \"principalId\":\"00000000-0000-0000-0000-000000000001\"\
        ,\n   \"tenantId\": \"72f988bf-86f1-41af-91ab-2d7cd011db47\"\n  },\n  \"sku\"\
        : {\n   \"name\": \"Basic\",\n   \"tier\": \"Free\"\n  }\n }"
    headers:
      azure-asyncoperation:
      - https://management.azure.com/subscriptions/00000000-0000-0000-0000-000000000000/providers/Microsoft.ContainerService/locations/westus2/operations/32c2f221-b5b2-49c0-89ba-3e20d67efc3d?api-version=2016-03-30
      cache-control:
      - no-cache
      content-length:
      - '4433'
      content-type:
      - application/json
      date:
      - Fri, 07 Oct 2022 01:54:51 GMT
      expires:
      - '-1'
      pragma:
      - no-cache
      server:
      - nginx
      strict-transport-security:
      - max-age=31536000; includeSubDomains
      transfer-encoding:
      - chunked
      vary:
      - Accept-Encoding
      x-content-type-options:
      - nosniff
      x-ms-ratelimit-remaining-subscription-writes:
      - '1199'
    status:
      code: 200
      message: OK
- request:
    body: null
    headers:
      Accept:
      - '*/*'
      Accept-Encoding:
      - gzip, deflate
      CommandName:
      - aks create
      Connection:
      - keep-alive
      ParameterSetName:
      - --resource-group --name --kube-proxy-config --aks-custom-headers --ssh-key-value
        --enable-managed-identity --yes -o
      User-Agent:
      - AZURECLI/2.40.0 (DOCKER) azsdk-python-azure-mgmt-containerservice/20.3.0b2
        Python/3.10.6 (Linux-5.10.102.1-microsoft-standard-WSL2-x86_64-with)
    method: GET
    uri: https://management.azure.com/subscriptions/00000000-0000-0000-0000-000000000000/providers/Microsoft.ContainerService/locations/westus2/operations/32c2f221-b5b2-49c0-89ba-3e20d67efc3d?api-version=2016-03-30
  response:
    body:
      string: "{\n  \"name\": \"21f2c232-b2b5-c049-89ba-3e20d67efc3d\",\n  \"status\"\
        : \"InProgress\",\n  \"startTime\": \"2022-10-07T01:54:51.5102882Z\"\n }"
    headers:
      cache-control:
      - no-cache
      content-length:
      - '126'
      content-type:
      - application/json
      date:
      - Fri, 07 Oct 2022 01:55:21 GMT
      expires:
      - '-1'
      pragma:
      - no-cache
      server:
      - nginx
      strict-transport-security:
      - max-age=31536000; includeSubDomains
      transfer-encoding:
      - chunked
      vary:
      - Accept-Encoding
      x-content-type-options:
      - nosniff
    status:
      code: 200
      message: OK
- request:
    body: null
    headers:
      Accept:
      - '*/*'
      Accept-Encoding:
      - gzip, deflate
      CommandName:
      - aks create
      Connection:
      - keep-alive
      ParameterSetName:
      - --resource-group --name --kube-proxy-config --aks-custom-headers --ssh-key-value
        --enable-managed-identity --yes -o
      User-Agent:
      - AZURECLI/2.40.0 (DOCKER) azsdk-python-azure-mgmt-containerservice/20.3.0b2
        Python/3.10.6 (Linux-5.10.102.1-microsoft-standard-WSL2-x86_64-with)
    method: GET
    uri: https://management.azure.com/subscriptions/00000000-0000-0000-0000-000000000000/providers/Microsoft.ContainerService/locations/westus2/operations/32c2f221-b5b2-49c0-89ba-3e20d67efc3d?api-version=2016-03-30
  response:
    body:
      string: "{\n  \"name\": \"21f2c232-b2b5-c049-89ba-3e20d67efc3d\",\n  \"status\"\
        : \"InProgress\",\n  \"startTime\": \"2022-10-07T01:54:51.5102882Z\"\n }"
    headers:
      cache-control:
      - no-cache
      content-length:
      - '126'
      content-type:
      - application/json
      date:
      - Fri, 07 Oct 2022 01:55:51 GMT
      expires:
      - '-1'
      pragma:
      - no-cache
      server:
      - nginx
      strict-transport-security:
      - max-age=31536000; includeSubDomains
      transfer-encoding:
      - chunked
      vary:
      - Accept-Encoding
      x-content-type-options:
      - nosniff
    status:
      code: 200
      message: OK
- request:
    body: null
    headers:
      Accept:
      - '*/*'
      Accept-Encoding:
      - gzip, deflate
      CommandName:
      - aks create
      Connection:
      - keep-alive
      ParameterSetName:
      - --resource-group --name --kube-proxy-config --aks-custom-headers --ssh-key-value
        --enable-managed-identity --yes -o
      User-Agent:
      - AZURECLI/2.40.0 (DOCKER) azsdk-python-azure-mgmt-containerservice/20.3.0b2
        Python/3.10.6 (Linux-5.10.102.1-microsoft-standard-WSL2-x86_64-with)
    method: GET
    uri: https://management.azure.com/subscriptions/00000000-0000-0000-0000-000000000000/providers/Microsoft.ContainerService/locations/westus2/operations/32c2f221-b5b2-49c0-89ba-3e20d67efc3d?api-version=2016-03-30
  response:
    body:
      string: "{\n  \"name\": \"21f2c232-b2b5-c049-89ba-3e20d67efc3d\",\n  \"status\"\
        : \"InProgress\",\n  \"startTime\": \"2022-10-07T01:54:51.5102882Z\"\n }"
    headers:
      cache-control:
      - no-cache
      content-length:
      - '126'
      content-type:
      - application/json
      date:
      - Fri, 07 Oct 2022 01:56:21 GMT
      expires:
      - '-1'
      pragma:
      - no-cache
      server:
      - nginx
      strict-transport-security:
      - max-age=31536000; includeSubDomains
      transfer-encoding:
      - chunked
      vary:
      - Accept-Encoding
      x-content-type-options:
      - nosniff
    status:
      code: 200
      message: OK
- request:
    body: null
    headers:
      Accept:
      - '*/*'
      Accept-Encoding:
      - gzip, deflate
      CommandName:
      - aks create
      Connection:
      - keep-alive
      ParameterSetName:
      - --resource-group --name --kube-proxy-config --aks-custom-headers --ssh-key-value
        --enable-managed-identity --yes -o
      User-Agent:
      - AZURECLI/2.40.0 (DOCKER) azsdk-python-azure-mgmt-containerservice/20.3.0b2
        Python/3.10.6 (Linux-5.10.102.1-microsoft-standard-WSL2-x86_64-with)
    method: GET
    uri: https://management.azure.com/subscriptions/00000000-0000-0000-0000-000000000000/providers/Microsoft.ContainerService/locations/westus2/operations/32c2f221-b5b2-49c0-89ba-3e20d67efc3d?api-version=2016-03-30
  response:
    body:
      string: "{\n  \"name\": \"21f2c232-b2b5-c049-89ba-3e20d67efc3d\",\n  \"status\"\
        : \"InProgress\",\n  \"startTime\": \"2022-10-07T01:54:51.5102882Z\"\n }"
    headers:
      cache-control:
      - no-cache
      content-length:
      - '126'
      content-type:
      - application/json
      date:
      - Fri, 07 Oct 2022 01:56:51 GMT
      expires:
      - '-1'
      pragma:
      - no-cache
      server:
      - nginx
      strict-transport-security:
      - max-age=31536000; includeSubDomains
      transfer-encoding:
      - chunked
      vary:
      - Accept-Encoding
      x-content-type-options:
      - nosniff
    status:
      code: 200
      message: OK
- request:
    body: null
    headers:
      Accept:
      - '*/*'
      Accept-Encoding:
      - gzip, deflate
      CommandName:
      - aks create
      Connection:
      - keep-alive
      ParameterSetName:
      - --resource-group --name --kube-proxy-config --aks-custom-headers --ssh-key-value
        --enable-managed-identity --yes -o
      User-Agent:
      - AZURECLI/2.40.0 (DOCKER) azsdk-python-azure-mgmt-containerservice/20.3.0b2
        Python/3.10.6 (Linux-5.10.102.1-microsoft-standard-WSL2-x86_64-with)
    method: GET
    uri: https://management.azure.com/subscriptions/00000000-0000-0000-0000-000000000000/providers/Microsoft.ContainerService/locations/westus2/operations/32c2f221-b5b2-49c0-89ba-3e20d67efc3d?api-version=2016-03-30
  response:
    body:
      string: "{\n  \"name\": \"21f2c232-b2b5-c049-89ba-3e20d67efc3d\",\n  \"status\"\
        : \"InProgress\",\n  \"startTime\": \"2022-10-07T01:54:51.5102882Z\"\n }"
    headers:
      cache-control:
      - no-cache
      content-length:
      - '126'
      content-type:
      - application/json
      date:
      - Fri, 07 Oct 2022 01:57:22 GMT
      expires:
      - '-1'
      pragma:
      - no-cache
      server:
      - nginx
      strict-transport-security:
      - max-age=31536000; includeSubDomains
      transfer-encoding:
      - chunked
      vary:
      - Accept-Encoding
      x-content-type-options:
      - nosniff
    status:
      code: 200
      message: OK
- request:
    body: null
    headers:
      Accept:
      - '*/*'
      Accept-Encoding:
      - gzip, deflate
      CommandName:
      - aks create
      Connection:
      - keep-alive
      ParameterSetName:
      - --resource-group --name --kube-proxy-config --aks-custom-headers --ssh-key-value
        --enable-managed-identity --yes -o
      User-Agent:
      - AZURECLI/2.40.0 (DOCKER) azsdk-python-azure-mgmt-containerservice/20.3.0b2
        Python/3.10.6 (Linux-5.10.102.1-microsoft-standard-WSL2-x86_64-with)
    method: GET
    uri: https://management.azure.com/subscriptions/00000000-0000-0000-0000-000000000000/providers/Microsoft.ContainerService/locations/westus2/operations/32c2f221-b5b2-49c0-89ba-3e20d67efc3d?api-version=2016-03-30
  response:
    body:
      string: "{\n  \"name\": \"21f2c232-b2b5-c049-89ba-3e20d67efc3d\",\n  \"status\"\
        : \"Succeeded\",\n  \"startTime\": \"2022-10-07T01:54:51.5102882Z\",\n  \"\
        endTime\": \"2022-10-07T01:57:46.6190341Z\"\n }"
    headers:
      cache-control:
      - no-cache
      content-length:
      - '170'
      content-type:
      - application/json
      date:
      - Fri, 07 Oct 2022 01:57:52 GMT
      expires:
      - '-1'
      pragma:
      - no-cache
      server:
      - nginx
      strict-transport-security:
      - max-age=31536000; includeSubDomains
      transfer-encoding:
      - chunked
      vary:
      - Accept-Encoding
      x-content-type-options:
      - nosniff
    status:
      code: 200
      message: OK
- request:
    body: null
    headers:
      Accept:
      - '*/*'
      Accept-Encoding:
      - gzip, deflate
      CommandName:
      - aks create
      Connection:
      - keep-alive
      ParameterSetName:
      - --resource-group --name --kube-proxy-config --aks-custom-headers --ssh-key-value
        --enable-managed-identity --yes -o
      User-Agent:
      - AZURECLI/2.40.0 (DOCKER) azsdk-python-azure-mgmt-containerservice/20.3.0b2
        Python/3.10.6 (Linux-5.10.102.1-microsoft-standard-WSL2-x86_64-with)
    method: GET
    uri: https://management.azure.com/subscriptions/00000000-0000-0000-0000-000000000000/resourceGroups/clitest000001/providers/Microsoft.ContainerService/managedClusters/cliakstest000002?api-version=2022-08-03-preview
  response:
    body:
      string: "{\n  \"id\": \"/subscriptions/00000000-0000-0000-0000-000000000000/resourcegroups/clitest000001/providers/Microsoft.ContainerService/managedClusters/cliakstest000002\"\
        ,\n  \"location\": \"westus2\",\n  \"name\": \"cliakstest000002\",\n  \"type\"\
        : \"Microsoft.ContainerService/ManagedClusters\",\n  \"properties\": {\n \
        \  \"provisioningState\": \"Succeeded\",\n   \"powerState\": {\n    \"code\"\
        : \"Running\"\n   },\n   \"kubernetesVersion\": \"1.23.12\",\n   \"currentKubernetesVersion\"\
        : \"1.23.12\",\n   \"dnsPrefix\": \"cliakstest-clitestb6zzh4yqj-8ecadf\",\n\
        \   \"fqdn\": \"cliakstest-clitestb6zzh4yqj-8ecadf-09444c5e.hcp.westus2.azmk8s.io\"\
        ,\n   \"azurePortalFQDN\": \"cliakstest-clitestb6zzh4yqj-8ecadf-09444c5e.portal.hcp.westus2.azmk8s.io\"\
        ,\n   \"agentPoolProfiles\": [\n    {\n     \"name\": \"nodepool1\",\n   \
        \  \"count\": 3,\n     \"vmSize\": \"Standard_DS2_v2\",\n     \"osDiskSizeGB\"\
        : 128,\n     \"osDiskType\": \"Managed\",\n     \"kubeletDiskType\": \"OS\"\
        ,\n     \"workloadRuntime\": \"OCIContainer\",\n     \"maxPods\": 110,\n \
        \    \"type\": \"VirtualMachineScaleSets\",\n     \"enableAutoScaling\": false,\n\
        \     \"provisioningState\": \"Succeeded\",\n     \"powerState\": {\n    \
        \  \"code\": \"Running\"\n     },\n     \"orchestratorVersion\": \"1.23.12\"\
        ,\n     \"currentOrchestratorVersion\": \"1.23.12\",\n     \"enableNodePublicIP\"\
        : false,\n     \"enableCustomCATrust\": false,\n     \"mode\": \"System\"\
        ,\n     \"enableEncryptionAtHost\": false,\n     \"enableUltraSSD\": false,\n\
        \     \"osType\": \"Linux\",\n     \"osSKU\": \"Ubuntu\",\n     \"nodeImageVersion\"\
        : \"AKSUbuntu-1804gen2containerd-2022.09.22\",\n     \"upgradeSettings\":\
        \ {},\n     \"enableFIPS\": false\n    }\n   ],\n   \"linuxProfile\": {\n\
        \    \"adminUsername\": \"azureuser\",\n    \"ssh\": {\n     \"publicKeys\"\
        : [\n      {\n       \"keyData\": \"ssh-rsa AAAAB3NzaC1yc2EAAAADAQABAAACAQCbIg1guRHbI0lV11wWDt1r2cUdcNd27CJsg+SfgC7miZeubtwUhbsPdhMQsfDyhOWHq1+ZL0M+nJZV63d/1dhmhtgyOqejUwrPlzKhydsbrsdUor+JmNJDdW01v7BXHyuymT8G4s09jCasNOwiufbP/qp72ruu0bIA1nySsvlf9pCQAuFkAnVnf/rFhUlOkhtRpwcq8SUNY2zRHR/EKb/4NWY1JzR4sa3q2fWIJdrrX0DvLoa5g9bIEd4Df79ba7v+yiUBOS0zT2ll+z4g9izHK3EO5d8hL4jYxcjKs+wcslSYRWrascfscLgMlMGh0CdKeNTDjHpGPncaf3Z+FwwwjWeuiNBxv7bJo13/8B/098KlVDl4GZqsoBCEjPyJfV6hO0y/LkRGkk7oHWKgeWAfKtfLItRp00eZ4fcJNK9kCaSMmEugoZWcI7NGbZXzqFWqbpRI7NcDP9+WIQ+i9U5vqWsqd/zng4kbuAJ6UuKqIzB0upYrLShfQE3SAck8oaLhJqqq56VfDuASNpJKidV+zq27HfSBmbXnkR/5AK337dc3MXKJypoK/QPMLKUAP5XLPbs+NddJQV7EZXd29DLgp+fRIg3edpKdO7ZErWhv7d+3Kws+e1Y+ypmR2WIVSwVyBEUfgv2C8Ts9gnTF4pNcEY/S2aBicz5Ew2+jdyGNQQ==\
        \ test@example.com\\n\"\n      }\n     ]\n    }\n   },\n   \"servicePrincipalProfile\"\
        : {\n    \"clientId\":\"00000000-0000-0000-0000-000000000001\"\n   },\n  \
        \ \"nodeResourceGroup\": \"MC_clitest000001_cliakstest000002_westus2\",\n\
        \   \"enableRBAC\": true,\n   \"enablePodSecurityPolicy\": false,\n   \"networkProfile\"\
        : {\n    \"networkPlugin\": \"kubenet\",\n    \"loadBalancerSku\": \"Standard\"\
        ,\n    \"loadBalancerProfile\": {\n     \"managedOutboundIPs\": {\n      \"\
        count\": 1\n     },\n     \"effectiveOutboundIPs\": [\n      {\n       \"\
        id\": \"/subscriptions/00000000-0000-0000-0000-000000000000/resourceGroups/MC_clitest000001_cliakstest000002_westus2/providers/Microsoft.Network/publicIPAddresses/66f25829-7fe3-4bb0-ab1d-15a35cb8631c\"\
        \n      }\n     ],\n     \"backendPoolType\": \"nodeIPConfiguration\"\n  \
        \  },\n    \"podCidr\": \"10.244.0.0/16\",\n    \"serviceCidr\": \"10.0.0.0/16\"\
        ,\n    \"dnsServiceIP\": \"10.0.0.10\",\n    \"dockerBridgeCidr\": \"172.17.0.1/16\"\
        ,\n    \"outboundType\": \"loadBalancer\",\n    \"podCidrs\": [\n     \"10.244.0.0/16\"\
        \n    ],\n    \"serviceCidrs\": [\n     \"10.0.0.0/16\"\n    ],\n    \"ipFamilies\"\
        : [\n     \"IPv4\"\n    ]\n   },\n   \"maxAgentPools\": 100,\n   \"identityProfile\"\
        : {\n    \"kubeletidentity\": {\n     \"resourceId\": \"/subscriptions/00000000-0000-0000-0000-000000000000/resourcegroups/MC_clitest000001_cliakstest000002_westus2/providers/Microsoft.ManagedIdentity/userAssignedIdentities/cliakstest000002-agentpool\"\
        ,\n     \"clientId\":\"00000000-0000-0000-0000-000000000001\",\n     \"objectId\"\
        :\"00000000-0000-0000-0000-000000000001\"\n    }\n   },\n   \"disableLocalAccounts\"\
        : false,\n   \"securityProfile\": {},\n   \"storageProfile\": {\n    \"diskCSIDriver\"\
        : {\n     \"enabled\": true,\n     \"version\": \"v1\"\n    },\n    \"fileCSIDriver\"\
        : {\n     \"enabled\": true\n    },\n    \"snapshotController\": {\n     \"\
        enabled\": true\n    }\n   },\n   \"oidcIssuerProfile\": {\n    \"enabled\"\
        : false\n   },\n   \"workloadAutoScalerProfile\": {}\n  },\n  \"identity\"\
        : {\n   \"type\": \"SystemAssigned\",\n   \"principalId\":\"00000000-0000-0000-0000-000000000001\"\
        ,\n   \"tenantId\": \"72f988bf-86f1-41af-91ab-2d7cd011db47\"\n  },\n  \"sku\"\
        : {\n   \"name\": \"Basic\",\n   \"tier\": \"Free\"\n  }\n }"
    headers:
      cache-control:
      - no-cache
      content-length:
      - '4435'
      content-type:
      - application/json
      date:
      - Fri, 07 Oct 2022 01:57:52 GMT
      expires:
      - '-1'
      pragma:
      - no-cache
      server:
      - nginx
      strict-transport-security:
      - max-age=31536000; includeSubDomains
      transfer-encoding:
      - chunked
      vary:
      - Accept-Encoding
      x-content-type-options:
      - nosniff
    status:
      code: 200
      message: OK
version: 1
